{"level":30,"time":1790607545044,"pid":42020,"hostname":"Desktop-OZOM","msg":"Server running on port 3000"}
{"level":30,"time":1790607545421,"pid":42020,"hostname":"Desktop-OZOM","msg":"MongoDB connected sucessfully"}
{"level":30,"time":1790607614407,"pid":42020,"hostname":"Desktop-OZOM","msg":"GET --> /products"}
{"level":30,"time":1790607614440,"pid":42020,"hostname":"Desktop-OZOM","msg":"API Success: {\"count\":1,\"data\":[{\"_id\":\"6aba13ddb5d2793f93c9da66\",\"name\":\"Mechanical Keyboard\",\"description\":\"RGB mechanical keyboard\",\"price\":1850,\"category\":\"Accessories\",\"stock\":12,\"isAvailable\":true,\"createdAt\":\"2026-09-28T07:14:37.511Z\",\"updatedAt\":\"2026-09-28T07:14:37.511Z\",\"__v\":0}]}"}
{"level":30,"time":1790607678379,"pid":42020,"hostname":"Desktop-OZOM","msg":"POST --> /products"}
{"level":30,"time":1790607678419,"pid":42020,"hostname":"Desktop-OZOM","msg":"API Success: {\"data\":{\"name\":\"Wireless Mouse\",\"description\":\"Wireless gaming mouse\",\"price\":4450,\"category\":\"Accessories\",\"stock\":3,\"isAvailable\":true,\"_id\":\"6aba813eb93d447a4e4fe03d\",\"createdAt\":\"2026-09-28T15:01:18.383Z\",\"updatedAt\":\"2026-09-28T15:01:18.383Z\",\"__v\":0}}"}
{"level":30,"time":1790607691102,"pid":42020,"hostname":"Desktop-OZOM","msg":"GET --> /products"}
{"level":30,"time":1790607691129,"pid":42020,"hostname":"Desktop-OZOM","msg":"API Success: {\"count\":2,\"data\":[{\"_id\":\"6aba13ddb5d2793f93c9da66\",\"name\":\"Mechanical Keyboard\",\"description\":\"RGB mechanical keyboard\",\"price\":1850,\"category\":\"Accessories\",\"stock\":12,\"isAvailable\":true,\"createdAt\":\"2026-09-28T07:14:37.511Z\",\"updatedAt\":\"2026-09-28T07:14:37.511Z\",\"__v\":0},{\"_id\":\"6aba813eb93d447a4e4fe03d\",\"name\":\"Wireless Mouse\",\"description\":\"Wireless gaming mouse\",\"price\":4450,\"category\":\"Accessories\",\"stock\":3,\"isAvailable\":true,\"createdAt\":\"2026-09-28T15:01:18.383Z\",\"updatedAt\":\"2026-09-28T15:01:18.383Z\",\"__v\":0}]}"}
{"level":30,"time":1790751211077,"pid":39304,"hostname":"Desktop-OZOM","msg":"Server running on port 3000"}
{"level":30,"time":1790751211446,"pid":39304,"hostname":"Desktop-OZOM","msg":"MongoDB connected sucessfully"}
{"level":30,"time":1790751224606,"pid":39304,"hostname":"Desktop-OZOM","msg":"GET --> /products"}
{"level":30,"time":1790751224635,"pid":39304,"hostname":"Desktop-OZOM","msg":"API Success: {\"count\":2,\"data\":[{\"_id\":\"6aba13ddb5d2793f93c9da66\",\"name\":\"Mechanical Keyboard\",\"description\":\"RGB mechanical keyboard\",\"price\":1850,\"category\":\"Accessories\",\"stock\":12,\"isAvailable\":true,\"createdAt\":\"2026-09-28T07:14:37.511Z\",\"updatedAt\":\"2026-09-28T07:14:37.511Z\",\"__v\":0},{\"_id\":\"6aba813eb93d447a4e4fe03d\",\"name\":\"Wireless Mouse\",\"description\":\"Wireless gaming mouse\",\"price\":4450,\"category\":\"Accessories\",\"stock\":3,\"isAvailable\":true,\"createdAt\":\"2026-09-28T15:01:18.383Z\",\"updatedAt\":\"2026-09-28T15:01:18.383Z\",\"__v\":0}]}"}
{"level":30,"time":1790751343115,"pid":25084,"hostname":"Desktop-OZOM","msg":"Server running on port 3000"}
{"level":30,"time":1790751343421,"pid":25084,"hostname":"Desktop-OZOM","msg":"MongoDB connected sucessfully"}
{"level":30,"time":1790751352732,"pid":25084,"hostname":"Desktop-OZOM","msg":"GET --> /products"}
{"level":30,"time":1790751352759,"pid":25084,"hostname":"Desktop-OZOM","msg":"API Success: {\"count\":2,\"data\":[{\"_id\":\"6aba13ddb5d2793f93c9da66\",\"name\":\"Mechanical Keyboard\",\"description\":\"RGB mechanical keyboard\",\"price\":1850,\"category\":\"Accessories\",\"stock\":12,\"isAvailable\":true,\"createdAt\":\"2026-09-28T07:14:37.511Z\",\"updatedAt\":\"2026-09-28T07:14:37.511Z\",\"__v\":0},{\"_id\":\"6aba813eb93d447a4e4fe03d\",\"name\":\"Wireless Mouse\",\"description\":\"Wireless gaming mouse\",\"price\":4450,\"category\":\"Accessories\",\"stock\":3,\"isAvailable\":true,\"createdAt\":\"2026-09-28T15:01:18.383Z\",\"updatedAt\":\"2026-09-28T15:01:18.383Z\",\"__v\":0}]}"}
{"level":30,"time":1790751465464,"pid":25084,"hostname":"Desktop-OZOM","msg":"POST --> /products"}
{"level":30,"time":1790751465498,"pid":25084,"hostname":"Desktop-OZOM","msg":"API Success: {\"data\":{\"name\":\"800W Power Supply\",\"description\":\"An 800W power supply for your PC\",\"price\":7999,\"category\":\"Power\",\"stock\":4,\"isAvailable\":true,\"_id\":\"6abcb2e95cc4e4a27c3c20cd\",\"createdAt\":\"2026-09-30T06:57:45.468Z\",\"updatedAt\":\"2026-09-30T06:57:45.468Z\",\"__v\":0}}"}
{"level":30,"time":1790751475559,"pid":25084,"hostname":"Desktop-OZOM","msg":"GET --> /products"}
{"level":30,"time":1790751475580,"pid":25084,"hostname":"Desktop-OZOM","msg":"API Success: {\"count\":3,\"data\":[{\"_id\":\"6aba13ddb5d2793f93c9da66\",\"name\":\"Mechanical Keyboard\",\"description\":\"RGB mechanical keyboard\",\"price\":1850,\"category\":\"Accessories\",\"stock\":12,\"isAvailable\":true,\"createdAt\":\"2026-09-28T07:14:37.511Z\",\"updatedAt\":\"2026-09-28T07:14:37.511Z\",\"__v\":0},{\"_id\":\"6aba813eb93d447a4e4fe03d\",\"name\":\"Wireless Mouse\",\"description\":\"Wireless gaming mouse\",\"price\":4450,\"category\":\"Accessories\",\"stock\":3,\"isAvailable\":true,\"createdAt\":\"2026-09-28T15:01:18.383Z\",\"updatedAt\":\"2026-09-28T15:01:18.383Z\",\"__v\":0},{\"_id\":\"6abcb2e95cc4e4a27c3c20cd\",\"name\":\"800W Power Supply\",\"description\":\"An 800W power supply for your PC\",\"price\":7999,\"category\":\"Power\",\"stock\":4,\"isAvailable\":true,\"createdAt\":\"2026-09-30T06:57:45.468Z\",\"updatedAt\":\"2026-09-30T06:57:45.468Z\",\"__v\":0}]}"}
{"level":30,"time":1790751501046,"pid":25084,"hostname":"Desktop-OZOM","msg":"GET --> /products/6aba813eb93d447a4e4fe03d"}
{"level":30,"time":1790751501066,"pid":25084,"hostname":"Desktop-OZOM","msg":"API Success: {\"data\":{\"_id\":\"6aba813eb93d447a4e4fe03d\",\"name\":\"Wireless Mouse\",\"description\":\"Wireless gaming mouse\",\"price\":4450,\"category\":\"Accessories\",\"stock\":3,\"isAvailable\":true,\"createdAt\":\"2026-09-28T15:01:18.383Z\",\"updatedAt\":\"2026-09-28T15:01:18.383Z\",\"__v\":0}}"}
{"level":30,"time":1790751591558,"pid":25084,"hostname":"Desktop-OZOM","msg":"PATCH --> /products/6aba813eb93d447a4e4fe03d"}
{"level":30,"time":1790751591587,"pid":25084,"hostname":"Desktop-OZOM","msg":"API Success: {\"data\":{\"_id\":\"6aba813eb93d447a4e4fe03d\",\"name\":\"Wireless Mouse\",\"description\":\"Wireless gaming mouse\",\"price\":4950,\"category\":\"Power\",\"stock\":2,\"isAvailable\":true,\"createdAt\":\"2026-09-28T15:01:18.383Z\",\"updatedAt\":\"2026-09-30T06:59:51.559Z\",\"__v\":0}}"}
{"level":30,"time":1790751601839,"pid":25084,"hostname":"Desktop-OZOM","msg":"GET --> /products/6aba813eb93d447a4e4fe03d"}
{"level":30,"time":1790751601863,"pid":25084,"hostname":"Desktop-OZOM","msg":"API Success: {\"data\":{\"_id\":\"6aba813eb93d447a4e4fe03d\",\"name\":\"Wireless Mouse\",\"description\":\"Wireless gaming mouse\",\"price\":4950,\"category\":\"Power\",\"stock\":2,\"isAvailable\":true,\"createdAt\":\"2026-09-28T15:01:18.383Z\",\"updatedAt\":\"2026-09-30T06:59:51.559Z\",\"__v\":0}}"}
{"level":30,"time":1790751658791,"pid":25084,"hostname":"Desktop-OZOM","msg":"GET --> /products/6aba813eb93d447a4e4fe03d"}
{"level":30,"time":1790751658811,"pid":25084,"hostname":"Desktop-OZOM","msg":"API Success: {\"data\":{\"_id\":\"6aba813eb93d447a4e4fe03d\",\"name\":\"Wireless Mouse\",\"description\":\"Wireless gaming mouse\",\"price\":4950,\"category\":\"Power\",\"stock\":2,\"isAvailable\":true,\"createdAt\":\"2026-09-28T15:01:18.383Z\",\"updatedAt\":\"2026-09-30T06:59:51.559Z\",\"__v\":0}}"}
{"level":30,"time":1790751682546,"pid":25084,"hostname":"Desktop-OZOM","msg":"DELETE --> /products/6aba813eb93d447a4e4fe03d"}
{"level":30,"time":1790751682569,"pid":25084,"hostname":"Desktop-OZOM","msg":"API Success: {\"data\":{\"_id\":\"6aba813eb93d447a4e4fe03d\",\"name\":\"Wireless Mouse\",\"description\":\"Wireless gaming mouse\",\"price\":4950,\"category\":\"Power\",\"stock\":2,\"isAvailable\":true,\"createdAt\":\"2026-09-28T15:01:18.383Z\",\"updatedAt\":\"2026-09-30T06:59:51.559Z\",\"__v\":0}}"}
{"level":30,"time":1790751690264,"pid":25084,"hostname":"Desktop-OZOM","msg":"GET --> /products/6aba813eb93d447a4e4fe03d"}
{"level":50,"time":1790751690299,"pid":25084,"hostname":"Desktop-OZOM","msg":"API Error: Product 6aba813eb93d447a4e4fe03d not found."}
{"level":30,"time":1790751716101,"pid":37844,"hostname":"Desktop-OZOM","msg":"Server running on port 3000"}
{"level":30,"time":1790751716408,"pid":37844,"hostname":"Desktop-OZOM","msg":"MongoDB connected sucessfully"}
{"level":30,"time":1790751807423,"pid":37844,"hostname":"Desktop-OZOM","msg":"GET --> /products/6aba813eb93d447a4e4fe03d"}
{"level":50,"time":1790751807448,"pid":37844,"hostname":"Desktop-OZOM","msg":"API Error: Product 6aba813eb93d447a4e4fe03d not found."}
{"level":30,"time":1790751830029,"pid":39224,"hostname":"Desktop-OZOM","msg":"Server running on port 3000"}
{"level":30,"time":1790751830361,"pid":39224,"hostname":"Desktop-OZOM","msg":"MongoDB connected sucessfully"}
